#Sat Aug 03 16:34:54 EDT 2013
Description=DBpedia.org 
Server-Name=default
Name=SolrIndex for dbpedia
Download-Location=http\://dev.iks-project.eu/downloads/stanbol-indices/dbpedia-3.7/dbpedia.solrindex.zip
Index-Archive=dbpedia.solrindex.zip,dbpedia_43k.solrindex.zip
Directory=dbpedia-2013.08.03
Index-Name=dbpedia
State=ACTIVE
Archive=dbpedia_43k.solrindex.zip
